06-10|16:13:14.827 [main] INFO  [Main.java:129] - Loading plugin properties: kairosdb_guid.properties
06-10|16:13:14.892 [main] INFO  [Main.java:268] - Loading service datastore: org.kairosdb.datastore.cassandra.CassandraModule
06-10|16:13:14.894 [main] INFO  [Main.java:268] - Loading service health: org.kairosdb.core.health.HealthCheckModule
06-10|16:13:14.895 [main] INFO  [Main.java:268] - Loading service http: org.kairosdb.core.http.WebServletModule
06-10|16:13:14.897 [main] INFO  [Main.java:268] - Loading service reporter: org.kairosdb.core.reporting.MetricReportingModule
06-10|16:13:14.897 [main] INFO  [Main.java:268] - Loading service telnet: org.kairosdb.core.telnet.TelnetServerModule
06-10|16:13:15.281 [main] INFO  [TelnetServerModule.java:37] - Configuring module TelnetServerModule
06-10|16:13:16.020 [main] INFO  [StdSchedulerFactory.java:1220] - Using default implementation for ThreadExecutor
06-10|16:13:16.042 [main] INFO  [SchedulerSignalerImpl.java:61] - Initialized Scheduler Signaller of type: class org.quartz.core.SchedulerSignalerImpl
06-10|16:13:16.042 [main] INFO  [QuartzScheduler.java:229] - Quartz Scheduler v.2.3.2 created.
06-10|16:13:16.043 [main] INFO  [RAMJobStore.java:155] - RAMJobStore initialized.
06-10|16:13:16.044 [main] INFO  [QuartzScheduler.java:294] - Scheduler meta-data: Quartz Scheduler (v2.3.2) 'QuartzScheduler' with instanceId 'NON_CLUSTERED'
  Scheduler class: 'org.quartz.core.QuartzScheduler' - running locally.
  NOT STARTED.
  Currently in standby mode.
  Number of jobs executed: 0
  Using thread pool 'org.quartz.simpl.SimpleThreadPool' - with 4 threads.
  Using job-store 'org.quartz.simpl.RAMJobStore' - which does not support persistence. and is not clustered.

06-10|16:13:16.045 [main] INFO  [StdSchedulerFactory.java:1374] - Quartz scheduler 'QuartzScheduler' initialized from an externally provided properties instance.
06-10|16:13:16.045 [main] INFO  [StdSchedulerFactory.java:1378] - Quartz scheduler version: 2.3.2
06-10|16:13:16.045 [main] INFO  [QuartzScheduler.java:2293] - JobFactory set to: org.kairosdb.core.scheduler.KairosDBJobFactory@35835e65
06-10|16:13:16.046 [main] INFO  [Main.java:580] - Starting service class org.kairosdb.core.scheduler.KairosDBSchedulerImpl
06-10|16:13:16.046 [main] INFO  [QuartzScheduler.java:547] - Scheduler QuartzScheduler_$_NON_CLUSTERED started.
06-10|16:13:16.048 [main] INFO  [KairosDBSchedulerImpl.java:67] - Starting job: org.kairosdb.core.jobs.CacheFileCleaner
06-10|16:13:16.078 [main] INFO  [CassandraClientImpl.java:110] - Connecting to 127.0.0.1:9042
06-10|16:13:16.169 [main] INFO  [ClusterConnection.java:333] - Indexed tag-indexed row key lookup is disabled for cluster write_cluster
06-10|16:13:16.425 [main] INFO  [KairosRetryPolicy.java:103] - Closing KairosRetryPolicy
06-10|16:13:16.430 [main] ERROR [CassandraModule.java:179] - Error building write cluster
com.datastax.driver.core.exceptions.NoHostAvailableException: All host(s) tried for query failed (tried: /127.0.0.1:9042 (com.datastax.driver.core.exceptions.TransportException: [/127.0.0.1:9042] Channel has been closed))
	at com.datastax.driver.core.ControlConnection.reconnectInternal(ControlConnection.java:272)
	at com.datastax.driver.core.ControlConnection.connect(ControlConnection.java:111)
	at com.datastax.driver.core.Cluster$Manager.negotiateProtocolVersionAndConnect(Cluster.java:1815)
	at com.datastax.driver.core.Cluster$Manager.init(Cluster.java:1728)
	at com.datastax.driver.core.Cluster.init(Cluster.java:216)
	at com.datastax.driver.core.Cluster.connectAsync(Cluster.java:389)
	at com.datastax.driver.core.Cluster.connectAsync(Cluster.java:368)
	at com.datastax.driver.core.Cluster.connect(Cluster.java:313)
	at org.kairosdb.datastore.cassandra.CassandraClientImpl.getSession(CassandraClientImpl.java:148)
	at org.kairosdb.datastore.cassandra.ClusterConnection.setupSchema(ClusterConnection.java:587)
	at org.kairosdb.datastore.cassandra.ClusterConnection.tryToConnect(ClusterConnection.java:389)
	at org.kairosdb.datastore.cassandra.ClusterConnection.startup(ClusterConnection.java:381)
	at org.kairosdb.datastore.cassandra.CassandraModule.createClients(CassandraModule.java:148)
	at org.kairosdb.datastore.cassandra.CassandraModule.getWriteCluster(CassandraModule.java:174)
	at org.kairosdb.datastore.cassandra.CassandraModule$$FastClassByGuice$$13c823.GUICE$TRAMPOLINE(<generated>)
	at org.kairosdb.datastore.cassandra.CassandraModule$$FastClassByGuice$$13c823.apply(<generated>)
	at com.google.inject.internal.ProviderMethod$FastClassProviderMethod.doProvision(ProviderMethod.java:260)
	at com.google.inject.internal.ProviderMethod.doProvision(ProviderMethod.java:171)
	at com.google.inject.internal.InternalProviderInstanceBindingImpl$CyclicFactory.provision(InternalProviderInstanceBindingImpl.java:185)
	at com.google.inject.internal.InternalProviderInstanceBindingImpl$CyclicFactory.get(InternalProviderInstanceBindingImpl.java:162)
	at com.google.inject.internal.ProviderToInternalFactoryAdapter.get(ProviderToInternalFactoryAdapter.java:40)
	at com.google.inject.internal.SingletonScope$1.get(SingletonScope.java:169)
	at com.google.inject.internal.InternalFactoryToProviderAdapter.get(InternalFactoryToProviderAdapter.java:45)
	at com.google.inject.internal.SingleParameterInjector.inject(SingleParameterInjector.java:40)
	at com.google.inject.internal.SingleParameterInjector.getAll(SingleParameterInjector.java:60)
	at com.google.inject.internal.ConstructorInjector.provision(ConstructorInjector.java:113)
	at com.google.inject.internal.ConstructorInjector.construct(ConstructorInjector.java:91)
	at com.google.inject.internal.ConstructorBindingImpl$Factory.get(ConstructorBindingImpl.java:300)
	at com.google.inject.internal.ProviderToInternalFactoryAdapter.get(ProviderToInternalFactoryAdapter.java:40)
	at com.google.inject.internal.SingletonScope$1.get(SingletonScope.java:169)
	at com.google.inject.internal.InternalFactoryToProviderAdapter.get(InternalFactoryToProviderAdapter.java:45)
	at com.google.inject.internal.FactoryProxy.get(FactoryProxy.java:60)
	at com.google.inject.internal.ProviderToInternalFactoryAdapter.get(ProviderToInternalFactoryAdapter.java:40)
	at com.google.inject.internal.SingletonScope$1.get(SingletonScope.java:169)
	at com.google.inject.internal.InternalFactoryToProviderAdapter.get(InternalFactoryToProviderAdapter.java:45)
	at com.google.inject.internal.SingleParameterInjector.inject(SingleParameterInjector.java:40)
	at com.google.inject.internal.SingleParameterInjector.getAll(SingleParameterInjector.java:60)
	at com.google.inject.internal.ConstructorInjector.provision(ConstructorInjector.java:113)
	at com.google.inject.internal.ConstructorInjector.construct(ConstructorInjector.java:91)
	at com.google.inject.internal.ConstructorBindingImpl$Factory.get(ConstructorBindingImpl.java:300)
	at com.google.inject.internal.ProviderToInternalFactoryAdapter.get(ProviderToInternalFactoryAdapter.java:40)
	at com.google.inject.internal.SingletonScope$1.get(SingletonScope.java:169)
	at com.google.inject.internal.InternalFactoryToProviderAdapter.get(InternalFactoryToProviderAdapter.java:45)
	at com.google.inject.internal.SingleParameterInjector.inject(SingleParameterInjector.java:40)
	at com.google.inject.internal.SingleParameterInjector.getAll(SingleParameterInjector.java:60)
	at com.google.inject.internal.ConstructorInjector.provision(ConstructorInjector.java:113)
	at com.google.inject.internal.ConstructorInjector.construct(ConstructorInjector.java:91)
	at com.google.inject.internal.ConstructorBindingImpl$Factory.get(ConstructorBindingImpl.java:300)
	at com.google.inject.internal.ProviderToInternalFactoryAdapter.get(ProviderToInternalFactoryAdapter.java:40)
	at com.google.inject.internal.SingletonScope$1.get(SingletonScope.java:169)
	at com.google.inject.internal.InternalFactoryToProviderAdapter.get(InternalFactoryToProviderAdapter.java:45)
	at com.google.inject.internal.InjectorImpl$1.get(InjectorImpl.java:1148)
	at com.google.inject.internal.InjectorImpl.getInstance(InjectorImpl.java:1186)
	at org.kairosdb.core.scheduler.KairosDBSchedulerImpl.start(KairosDBSchedulerImpl.java:68)
	at org.kairosdb.core.Main.startServices(Main.java:581)
	at org.kairosdb.core.Main.main(Main.java:427)
06-10|16:13:16.434 [main] ERROR [Main.java:438] - Failed starting up services
com.google.inject.ProvisionException: Unable to provision, see the following errors:

1) [Guice/ErrorInCustomProvider]: NoHostAvailableException: All host(s) tried for query failed (tried: /127.0.0.1:9042 (TransportException: [/127.0.0.1:9042] Channel has been closed))
  at CassandraModule.getWriteCluster(CassandraModule.java:174)
  at CassandraDatastore.<init>(CassandraDatastore.java:152)
      \_ for 2nd parameter
  at CassandraModule.configure(CassandraModule.java:85)
  while locating CassandraDatastore
  at CassandraModule.configure(CassandraModule.java:83)
  at KairosDatastore.<init>(KairosDatastore.java:88)
      \_ for 1st parameter
  at CoreModule.configure(CoreModule.java:197)
  at CacheFileCleaner.<init>(CacheFileCleaner.java:41)
      \_ for 2nd parameter
  at CoreModule.configure(CoreModule.java:206)
  while locating CacheFileCleaner

Learn more:
  https://github.com/google/guice/wiki/ERROR_IN_CUSTOM_PROVIDER

1 error

======================
Full classname legend:
======================
CacheFileCleaner:         "org.kairosdb.core.jobs.CacheFileCleaner"
CassandraDatastore:       "org.kairosdb.datastore.cassandra.CassandraDatastore"
CassandraModule:          "org.kairosdb.datastore.cassandra.CassandraModule"
CoreModule:               "org.kairosdb.core.CoreModule"
KairosDatastore:          "org.kairosdb.core.datastore.KairosDatastore"
NoHostAvailableException: "com.datastax.driver.core.exceptions.NoHostAvailableException"
TransportException:       "com.datastax.driver.core.exceptions.TransportException"
========================
End of classname legend:
========================

	at com.google.inject.internal.InternalProvisionException.toProvisionException(InternalProvisionException.java:251)
	at com.google.inject.internal.InjectorImpl$1.get(InjectorImpl.java:1151)
	at com.google.inject.internal.InjectorImpl.getInstance(InjectorImpl.java:1186)
	at org.kairosdb.core.scheduler.KairosDBSchedulerImpl.start(KairosDBSchedulerImpl.java:68)
	at org.kairosdb.core.Main.startServices(Main.java:581)
	at org.kairosdb.core.Main.main(Main.java:427)
Caused by: com.datastax.driver.core.exceptions.NoHostAvailableException: All host(s) tried for query failed (tried: /127.0.0.1:9042 (com.datastax.driver.core.exceptions.TransportException: [/127.0.0.1:9042] Channel has been closed))
	at com.datastax.driver.core.ControlConnection.reconnectInternal(ControlConnection.java:272)
	at com.datastax.driver.core.ControlConnection.connect(ControlConnection.java:111)
	at com.datastax.driver.core.Cluster$Manager.negotiateProtocolVersionAndConnect(Cluster.java:1815)
	at com.datastax.driver.core.Cluster$Manager.init(Cluster.java:1728)
	at com.datastax.driver.core.Cluster.init(Cluster.java:216)
	at com.datastax.driver.core.Cluster.connectAsync(Cluster.java:389)
	at com.datastax.driver.core.Cluster.connectAsync(Cluster.java:368)
	at com.datastax.driver.core.Cluster.connect(Cluster.java:313)
	at org.kairosdb.datastore.cassandra.CassandraClientImpl.getSession(CassandraClientImpl.java:148)
	at org.kairosdb.datastore.cassandra.ClusterConnection.setupSchema(ClusterConnection.java:587)
	at org.kairosdb.datastore.cassandra.ClusterConnection.tryToConnect(ClusterConnection.java:389)
	at org.kairosdb.datastore.cassandra.ClusterConnection.startup(ClusterConnection.java:381)
	at org.kairosdb.datastore.cassandra.CassandraModule.createClients(CassandraModule.java:148)
	at org.kairosdb.datastore.cassandra.CassandraModule.getWriteCluster(CassandraModule.java:174)
	at org.kairosdb.datastore.cassandra.CassandraModule$$FastClassByGuice$$13c823.GUICE$TRAMPOLINE(<generated>)
	at org.kairosdb.datastore.cassandra.CassandraModule$$FastClassByGuice$$13c823.apply(<generated>)
	at com.google.inject.internal.ProviderMethod$FastClassProviderMethod.doProvision(ProviderMethod.java:260)
	at com.google.inject.internal.ProviderMethod.doProvision(ProviderMethod.java:171)
	at com.google.inject.internal.InternalProviderInstanceBindingImpl$CyclicFactory.provision(InternalProviderInstanceBindingImpl.java:185)
	at com.google.inject.internal.InternalProviderInstanceBindingImpl$CyclicFactory.get(InternalProviderInstanceBindingImpl.java:162)
	at com.google.inject.internal.ProviderToInternalFactoryAdapter.get(ProviderToInternalFactoryAdapter.java:40)
	at com.google.inject.internal.SingletonScope$1.get(SingletonScope.java:169)
	at com.google.inject.internal.InternalFactoryToProviderAdapter.get(InternalFactoryToProviderAdapter.java:45)
	at com.google.inject.internal.SingleParameterInjector.inject(SingleParameterInjector.java:40)
	at com.google.inject.internal.SingleParameterInjector.getAll(SingleParameterInjector.java:60)
	at com.google.inject.internal.ConstructorInjector.provision(ConstructorInjector.java:113)
	at com.google.inject.internal.ConstructorInjector.construct(ConstructorInjector.java:91)
	at com.google.inject.internal.ConstructorBindingImpl$Factory.get(ConstructorBindingImpl.java:300)
	at com.google.inject.internal.ProviderToInternalFactoryAdapter.get(ProviderToInternalFactoryAdapter.java:40)
	at com.google.inject.internal.SingletonScope$1.get(SingletonScope.java:169)
	at com.google.inject.internal.InternalFactoryToProviderAdapter.get(InternalFactoryToProviderAdapter.java:45)
	at com.google.inject.internal.FactoryProxy.get(FactoryProxy.java:60)
	at com.google.inject.internal.ProviderToInternalFactoryAdapter.get(ProviderToInternalFactoryAdapter.java:40)
	at com.google.inject.internal.SingletonScope$1.get(SingletonScope.java:169)
	at com.google.inject.internal.InternalFactoryToProviderAdapter.get(InternalFactoryToProviderAdapter.java:45)
	at com.google.inject.internal.SingleParameterInjector.inject(SingleParameterInjector.java:40)
	at com.google.inject.internal.SingleParameterInjector.getAll(SingleParameterInjector.java:60)
	at com.google.inject.internal.ConstructorInjector.provision(ConstructorInjector.java:113)
	at com.google.inject.internal.ConstructorInjector.construct(ConstructorInjector.java:91)
	at com.google.inject.internal.ConstructorBindingImpl$Factory.get(ConstructorBindingImpl.java:300)
	at com.google.inject.internal.ProviderToInternalFactoryAdapter.get(ProviderToInternalFactoryAdapter.java:40)
	at com.google.inject.internal.SingletonScope$1.get(SingletonScope.java:169)
	at com.google.inject.internal.InternalFactoryToProviderAdapter.get(InternalFactoryToProviderAdapter.java:45)
	at com.google.inject.internal.SingleParameterInjector.inject(SingleParameterInjector.java:40)
	at com.google.inject.internal.SingleParameterInjector.getAll(SingleParameterInjector.java:60)
	at com.google.inject.internal.ConstructorInjector.provision(ConstructorInjector.java:113)
	at com.google.inject.internal.ConstructorInjector.construct(ConstructorInjector.java:91)
	at com.google.inject.internal.ConstructorBindingImpl$Factory.get(ConstructorBindingImpl.java:300)
	at com.google.inject.internal.ProviderToInternalFactoryAdapter.get(ProviderToInternalFactoryAdapter.java:40)
	at com.google.inject.internal.SingletonScope$1.get(SingletonScope.java:169)
	at com.google.inject.internal.InternalFactoryToProviderAdapter.get(InternalFactoryToProviderAdapter.java:45)
	at com.google.inject.internal.InjectorImpl$1.get(InjectorImpl.java:1148)
	... 4 common frames omitted
06-10|16:13:16.481 [Thread-1] INFO  [Main.java:590] - Shutting down
06-10|16:13:16.481 [Thread-1] INFO  [Main.java:606] - Stopping Datastore
06-10|16:13:16.485 [Thread-0] ERROR [MethodSnapshotAdapter.java:32] - Unable to call snapshot method on org.kairosdb.datastore.cassandra.CassandraClientImpl$ClientMetrics
java.lang.reflect.InvocationTargetException
	at java.base/jdk.internal.reflect.NativeMethodAccessorImpl.invoke0(Native Method)
	at java.base/jdk.internal.reflect.NativeMethodAccessorImpl.invoke(NativeMethodAccessorImpl.java:77)
	at java.base/jdk.internal.reflect.DelegatingMethodAccessorImpl.invoke(DelegatingMethodAccessorImpl.java:43)
	at java.base/java.lang.reflect.Method.invoke(Method.java:569)
	at org.kairosdb.metrics4j.internal.adapters.MethodSnapshotAdapter.run(MethodSnapshotAdapter.java:28)
	at org.kairosdb.metrics4j.internal.TriggerMetricCollection.reportMetrics(TriggerMetricCollection.java:57)
	at org.kairosdb.metrics4j.internal.MetricsContextImpl.lambda$flushMetrics$0(MetricsContextImpl.java:158)
	at java.base/java.util.HashMap$Values.forEach(HashMap.java:1065)
	at org.kairosdb.metrics4j.internal.MetricsContextImpl.flushMetrics(MetricsContextImpl.java:158)
	at org.kairosdb.metrics4j.configuration.MetricConfig.shutdown(MetricConfig.java:527)
	at org.kairosdb.metrics4j.configuration.MetricConfig$1.run(MetricConfig.java:511)
	at java.base/java.lang.Thread.run(Thread.java:840)
Caused by: java.lang.IllegalStateException: Can't use this cluster instance because it encountered an error in its initialization
	at com.datastax.driver.core.Cluster.checkNotClosed(Cluster.java:652)
	at com.datastax.driver.core.Cluster.getMetrics(Cluster.java:485)
	at org.kairosdb.datastore.cassandra.CassandraClientImpl$ClientMetrics.takeSnapshot(CassandraClientImpl.java:189)
	... 12 common frames omitted
Caused by: com.datastax.driver.core.exceptions.NoHostAvailableException: All host(s) tried for query failed (tried: /127.0.0.1:9042 (com.datastax.driver.core.exceptions.TransportException: [/127.0.0.1:9042] Channel has been closed))
	at com.datastax.driver.core.ControlConnection.reconnectInternal(ControlConnection.java:272)
	at com.datastax.driver.core.ControlConnection.connect(ControlConnection.java:111)
	at com.datastax.driver.core.Cluster$Manager.negotiateProtocolVersionAndConnect(Cluster.java:1815)
	at com.datastax.driver.core.Cluster$Manager.init(Cluster.java:1728)
	at com.datastax.driver.core.Cluster.init(Cluster.java:216)
	at com.datastax.driver.core.Cluster.connectAsync(Cluster.java:389)
	at com.datastax.driver.core.Cluster.connectAsync(Cluster.java:368)
	at com.datastax.driver.core.Cluster.connect(Cluster.java:313)
	at org.kairosdb.datastore.cassandra.CassandraClientImpl.getSession(CassandraClientImpl.java:148)
	at org.kairosdb.datastore.cassandra.ClusterConnection.setupSchema(ClusterConnection.java:587)
	at org.kairosdb.datastore.cassandra.ClusterConnection.tryToConnect(ClusterConnection.java:389)
	at org.kairosdb.datastore.cassandra.ClusterConnection.startup(ClusterConnection.java:381)
	at org.kairosdb.datastore.cassandra.CassandraModule.createClients(CassandraModule.java:148)
	at org.kairosdb.datastore.cassandra.CassandraModule.getWriteCluster(CassandraModule.java:174)
	at org.kairosdb.datastore.cassandra.CassandraModule$$FastClassByGuice$$13c823.GUICE$TRAMPOLINE(<generated>)
	at org.kairosdb.datastore.cassandra.CassandraModule$$FastClassByGuice$$13c823.apply(<generated>)
	at com.google.inject.internal.ProviderMethod$FastClassProviderMethod.doProvision(ProviderMethod.java:260)
	at com.google.inject.internal.ProviderMethod.doProvision(ProviderMethod.java:171)
	at com.google.inject.internal.InternalProviderInstanceBindingImpl$CyclicFactory.provision(InternalProviderInstanceBindingImpl.java:185)
	at com.google.inject.internal.InternalProviderInstanceBindingImpl$CyclicFactory.get(InternalProviderInstanceBindingImpl.java:162)
	at com.google.inject.internal.ProviderToInternalFactoryAdapter.get(ProviderToInternalFactoryAdapter.java:40)
	at com.google.inject.internal.SingletonScope$1.get(SingletonScope.java:169)
	at com.google.inject.internal.InternalFactoryToProviderAdapter.get(InternalFactoryToProviderAdapter.java:45)
	at com.google.inject.internal.SingleParameterInjector.inject(SingleParameterInjector.java:40)
	at com.google.inject.internal.SingleParameterInjector.getAll(SingleParameterInjector.java:60)
	at com.google.inject.internal.ConstructorInjector.provision(ConstructorInjector.java:113)
	at com.google.inject.internal.ConstructorInjector.construct(ConstructorInjector.java:91)
	at com.google.inject.internal.ConstructorBindingImpl$Factory.get(ConstructorBindingImpl.java:300)
	at com.google.inject.internal.ProviderToInternalFactoryAdapter.get(ProviderToInternalFactoryAdapter.java:40)
	at com.google.inject.internal.SingletonScope$1.get(SingletonScope.java:169)
	at com.google.inject.internal.InternalFactoryToProviderAdapter.get(InternalFactoryToProviderAdapter.java:45)
	at com.google.inject.internal.FactoryProxy.get(FactoryProxy.java:60)
	at com.google.inject.internal.ProviderToInternalFactoryAdapter.get(ProviderToInternalFactoryAdapter.java:40)
	at com.google.inject.internal.SingletonScope$1.get(SingletonScope.java:169)
	at com.google.inject.internal.InternalFactoryToProviderAdapter.get(InternalFactoryToProviderAdapter.java:45)
	at com.google.inject.internal.SingleParameterInjector.inject(SingleParameterInjector.java:40)
	at com.google.inject.internal.SingleParameterInjector.getAll(SingleParameterInjector.java:60)
	at com.google.inject.internal.ConstructorInjector.provision(ConstructorInjector.java:113)
	at com.google.inject.internal.ConstructorInjector.construct(ConstructorInjector.java:91)
	at com.google.inject.internal.ConstructorBindingImpl$Factory.get(ConstructorBindingImpl.java:300)
	at com.google.inject.internal.ProviderToInternalFactoryAdapter.get(ProviderToInternalFactoryAdapter.java:40)
	at com.google.inject.internal.SingletonScope$1.get(SingletonScope.java:169)
	at com.google.inject.internal.InternalFactoryToProviderAdapter.get(InternalFactoryToProviderAdapter.java:45)
	at com.google.inject.internal.SingleParameterInjector.inject(SingleParameterInjector.java:40)
	at com.google.inject.internal.SingleParameterInjector.getAll(SingleParameterInjector.java:60)
	at com.google.inject.internal.ConstructorInjector.provision(ConstructorInjector.java:113)
	at com.google.inject.internal.ConstructorInjector.construct(ConstructorInjector.java:91)
	at com.google.inject.internal.ConstructorBindingImpl$Factory.get(ConstructorBindingImpl.java:300)
	at com.google.inject.internal.ProviderToInternalFactoryAdapter.get(ProviderToInternalFactoryAdapter.java:40)
	at com.google.inject.internal.SingletonScope$1.get(SingletonScope.java:169)
	at com.google.inject.internal.InternalFactoryToProviderAdapter.get(InternalFactoryToProviderAdapter.java:45)
	at com.google.inject.internal.InjectorImpl$1.get(InjectorImpl.java:1148)
	at com.google.inject.internal.InjectorImpl.getInstance(InjectorImpl.java:1186)
	at org.kairosdb.core.scheduler.KairosDBSchedulerImpl.start(KairosDBSchedulerImpl.java:68)
	at org.kairosdb.core.Main.startServices(Main.java:581)
	at org.kairosdb.core.Main.main(Main.java:427)
06-10|16:13:16.511 [Thread-1] INFO  [QueueProcessor.java:50] - Starting QueueProcessor org.kairosdb.core.queue.FileQueueProcessor
06-10|16:13:16.535 [Thread-1] ERROR [Main.java:422] - Shutdown exception:
java.lang.NullPointerException: Cannot invoke "com.datastax.driver.core.Session.close()" because "this.m_session" is null
	at org.kairosdb.datastore.cassandra.ClusterConnection.close(ClusterConnection.java:536)
	at org.kairosdb.datastore.cassandra.CassandraDatastore.close(CassandraDatastore.java:223)
	at org.kairosdb.core.datastore.KairosDatastore.close(KairosDatastore.java:204)
	at org.kairosdb.core.Main.stopServices(Main.java:609)
	at org.kairosdb.core.Main$3.run(Main.java:416)
	at java.base/java.lang.Thread.run(Thread.java:840)
06-10|16:14:34.343 [main] INFO  [Main.java:129] - Loading plugin properties: kairosdb_guid.properties
06-10|16:14:34.385 [main] INFO  [Main.java:268] - Loading service datastore: org.kairosdb.datastore.cassandra.CassandraModule
06-10|16:14:34.386 [main] INFO  [Main.java:268] - Loading service health: org.kairosdb.core.health.HealthCheckModule
06-10|16:14:34.387 [main] INFO  [Main.java:268] - Loading service http: org.kairosdb.core.http.WebServletModule
06-10|16:14:34.388 [main] INFO  [Main.java:268] - Loading service reporter: org.kairosdb.core.reporting.MetricReportingModule
06-10|16:14:34.388 [main] INFO  [Main.java:268] - Loading service telnet: org.kairosdb.core.telnet.TelnetServerModule
06-10|16:14:34.644 [main] INFO  [TelnetServerModule.java:37] - Configuring module TelnetServerModule
06-10|16:14:35.362 [main] INFO  [StdSchedulerFactory.java:1220] - Using default implementation for ThreadExecutor
06-10|16:14:35.384 [main] INFO  [SchedulerSignalerImpl.java:61] - Initialized Scheduler Signaller of type: class org.quartz.core.SchedulerSignalerImpl
06-10|16:14:35.384 [main] INFO  [QuartzScheduler.java:229] - Quartz Scheduler v.2.3.2 created.
06-10|16:14:35.386 [main] INFO  [RAMJobStore.java:155] - RAMJobStore initialized.
06-10|16:14:35.387 [main] INFO  [QuartzScheduler.java:294] - Scheduler meta-data: Quartz Scheduler (v2.3.2) 'QuartzScheduler' with instanceId 'NON_CLUSTERED'
  Scheduler class: 'org.quartz.core.QuartzScheduler' - running locally.
  NOT STARTED.
  Currently in standby mode.
  Number of jobs executed: 0
  Using thread pool 'org.quartz.simpl.SimpleThreadPool' - with 4 threads.
  Using job-store 'org.quartz.simpl.RAMJobStore' - which does not support persistence. and is not clustered.

06-10|16:14:35.387 [main] INFO  [StdSchedulerFactory.java:1374] - Quartz scheduler 'QuartzScheduler' initialized from an externally provided properties instance.
06-10|16:14:35.388 [main] INFO  [StdSchedulerFactory.java:1378] - Quartz scheduler version: 2.3.2
06-10|16:14:35.388 [main] INFO  [QuartzScheduler.java:2293] - JobFactory set to: org.kairosdb.core.scheduler.KairosDBJobFactory@4d774249
06-10|16:14:35.389 [main] INFO  [Main.java:580] - Starting service class org.kairosdb.core.scheduler.KairosDBSchedulerImpl
06-10|16:14:35.389 [main] INFO  [QuartzScheduler.java:547] - Scheduler QuartzScheduler_$_NON_CLUSTERED started.
06-10|16:14:35.391 [main] INFO  [KairosDBSchedulerImpl.java:67] - Starting job: org.kairosdb.core.jobs.CacheFileCleaner
06-10|16:14:35.437 [main] INFO  [CassandraClientImpl.java:110] - Connecting to 127.0.0.1:9042
06-10|16:14:35.540 [main] INFO  [ClusterConnection.java:333] - Indexed tag-indexed row key lookup is disabled for cluster write_cluster
06-10|16:14:36.203 [main] INFO  [KairosRetryPolicy.java:97] - Initializing KairosRetryPolicy: retry count set to 2
06-10|16:14:36.574 [main] INFO  [ClusterConnection.java:527] - RowSpec for write_cluster, Legacy: false, Unit: MILLISECONDS, Width: 1814400000
06-10|16:14:36.600 [main] INFO  [QueueProcessor.java:50] - Starting QueueProcessor org.kairosdb.core.queue.FileQueueProcessor
06-10|16:14:36.623 [main] INFO  [KairosDBSchedulerImpl.java:67] - Starting job: org.kairosdb.datastore.cassandra.CleanRowKeyCache
06-10|16:14:36.638 [main] INFO  [KairosDBSchedulerImpl.java:83] - *** Scheduled job org.kairosdb.core.jobs.CacheFileCleaner to execute next on Sun Jun 14 12:00:00 UTC 2026
06-10|16:14:36.639 [main] INFO  [KairosDBSchedulerImpl.java:83] - *** Scheduled job org.kairosdb.datastore.cassandra.CleanRowKeyCache to execute next on Wed Jun 10 17:14:36 UTC 2026
06-10|16:14:36.640 [main] INFO  [Main.java:580] - Starting service class org.kairosdb.core.HostManager
06-10|16:14:36.645 [main] INFO  [Main.java:580] - Starting service class org.kairosdb.core.http.WebServer
06-10|16:14:36.934 [main] INFO  [Server.java:553] - jetty-12.0.17; built: 2025-03-03T13:15:05.903Z; git: 14d19c268e4cb09afc312b5255a4cbb7a95c5cb6; jvm 17.0.19+10-1-24.04.2-Ubuntu
06-10|16:14:36.978 [main] INFO  [DefaultSessionIdManager.java:328] - Session workerName=node0
06-10|16:14:36.983 [main] INFO  [ContextHandler.java:759] - Started oeje10s.ServletContextHandler@2fb25f4c{ROOT,/,b=null,a=AVAILABLE,h=oeje10s.SessionHandler@de81be1{STARTED}}
06-10|16:14:37.260 [main] INFO  [ServletContextHandler.java:1053] - Started oeje10s.ServletContextHandler@2fb25f4c{ROOT,/,b=null,a=AVAILABLE,h=oeje10s.SessionHandler@de81be1{STARTED}}
06-10|16:14:37.269 [main] INFO  [AbstractConnector.java:326] - Started ServerConnector@7069f076{HTTP/1.1, (http/1.1)}{0.0.0.0:8082}
06-10|16:14:37.272 [main] INFO  [Server.java:610] - Started oejs.Server@6968c1d6{STARTING}[12.0.17,sto=0] @3457ms
06-10|16:14:37.276 [main] INFO  [Main.java:580] - Starting service class org.kairosdb.core.reporting.DataPointsMonitor
06-10|16:14:37.279 [main] INFO  [Main.java:580] - Starting service class org.kairosdb.core.telnet.TelnetServer
06-10|16:14:37.298 [main] INFO  [Main.java:429] - ------------------------------------------
06-10|16:14:37.299 [main] INFO  [Main.java:430] -      KairosDB service started
06-10|16:14:37.299 [main] INFO  [Main.java:431] - ------------------------------------------
06-10|16:14:59.001 [qtp829082549-44] INFO  [Version.java:21] - HV000001: Hibernate Validator 8.0.3.Final
